// Vitest Snapshot v1, https://vitest.dev/guide/snapshot.html

exports[`UGC workbench design system > asserts focused workbench invariants from the real provider surface 1`] = `
{
  "commandSurface": {
    "surface": [
      "overflow-hidden",
      "border-zinc-200",
      "bg-white/95",
      "shadow-md",
      "backdrop-blur-md",
      "p-2",
      "flex",
      "items-end",
      "rounded-xl",
    ],
    "textarea": [
      "min-h-10",
      "min-w-0",
      "flex-1",
      "border-0",
      "bg-transparent",
      "focus-visible:ring-0",
    ],
  },
  "copy": {
    "activeNavigation": "KIE Proxy",
    "commandPrompt": "Make the selected personas less polished and generate 8 warmer hooks",
    "liveBoundary": "Send live ($0.05 cap)",
    "localBoundary": "Default action prepares local dry-run JSON",
    "panelEyebrow": "Local provider controls",
    "panelTitle": "KIE route controls",
    "providerQueue": "Provider jobs",
  },
  "layout": {
    "content": [
      "grid",
      "min-h-0",
      "flex-1",
      "overflow-hidden",
    ],
    "shell": [
      "grid",
      "h-dvh",
      "min-h-0",
      "overflow-hidden",
      "bg-background",
      "text-foreground",
    ],
  },
}
`;
