=== start at 2026-07-08T18:35:57+10:00 ===
Host: arthur
Python 3.12.3
pip 26.1.2 from /home/arthur/latwalk-lab/venv/lib/python3.12/site-packages/pip (python 3.12)
PyTorch: 2.5.1+cu124
CUDA available: True
name, driver_version, memory.total [MiB], memory.used [MiB], memory.free [MiB], utilization.gpu [%], temperature.gpu
NVIDIA GeForce RTX 3090, 570.172.08, 24576 MiB, 1 MiB, 24135 MiB, 0 %, 46
=== install at 2026-07-08T18:36:00+10:00 ===
Requirement already satisfied: numpy>=1.24 in ./venv/lib/python3.12/site-packages (from -r /home/arthur/latwalk-lab/latwalk/requirements-film-cuda.txt (line 1)) (2.5.1)
Requirement already satisfied: Pillow>=10.0 in ./venv/lib/python3.12/site-packages (from -r /home/arthur/latwalk-lab/latwalk/requirements-film-cuda.txt (line 2)) (12.3.0)
Collecting tensorflow==2.16.2 (from tensorflow[and-cuda]==2.16.2->-r /home/arthur/latwalk-lab/latwalk/requirements-film-cuda.txt (line 3))
  Downloading tensorflow-2.16.2-cp312-cp312-manylinux_2_17_x86_64.manylinux2014_x86_64.whl.metadata (4.2 kB)
Collecting tensorflow-hub==0.16.1 (from -r /home/arthur/latwalk-lab/latwalk/requirements-film-cuda.txt (line 4))
  Downloading tensorflow_hub-0.16.1-py2.py3-none-any.whl.metadata (1.3 kB)
Requirement already satisfied: absl-py>=1.0.0 in ./venv/lib/python3.12/site-packages (from tensorflow==2.16.2->tensorflow[and-cuda]==2.16.2->-r /home/arthur/latwalk-lab/latwalk/requirements-film-cuda.txt (line 3)) (2.5.0)
Collecting astunparse>=1.6.0 (from tensorflow==2.16.2->tensorflow[and-cuda]==2.16.2->-r /home/arthur/latwalk-lab/latwalk/requirements-film-cuda.txt (line 3))
  Downloading astunparse-1.6.3-py2.py3-none-any.whl.metadata (4.4 kB)
Requirement already satisfied: flatbuffers>=23.5.26 in ./venv/lib/python3.12/site-packages (from tensorflow==2.16.2->tensorflow[and-cuda]==2.16.2->-r /home/arthur/latwalk-lab/latwalk/requirements-film-cuda.txt (line 3)) (25.12.19)
Collecting gast!=0.5.0,!=0.5.1,!=0.5.2,>=0.2.1 (from tensorflow==2.16.2->tensorflow[and-cuda]==2.16.2->-r /home/arthur/latwalk-lab/latwalk/requirements-film-cuda.txt (line 3))
  Downloading gast-0.7.0-py3-none-any.whl.metadata (1.5 kB)
Collecting google-pasta>=0.1.1 (from tensorflow==2.16.2->tensorflow[and-cuda]==2.16.2->-r /home/arthur/latwalk-lab/latwalk/requirements-film-cuda.txt (line 3))
  Downloading google_pasta-0.2.0-py3-none-any.whl.metadata (814 bytes)
Collecting h5py>=3.10.0 (from tensorflow==2.16.2->tensorflow[and-cuda]==2.16.2->-r /home/arthur/latwalk-lab/latwalk/requirements-film-cuda.txt (line 3))
  Downloading h5py-3.16.0-cp312-cp312-manylinux_2_28_x86_64.whl.metadata (3.0 kB)
Collecting libclang>=13.0.0 (from tensorflow==2.16.2->tensorflow[and-cuda]==2.16.2->-r /home/arthur/latwalk-lab/latwalk/requirements-film-cuda.txt (line 3))
  Downloading libclang-18.1.1-py2.py3-none-manylinux2010_x86_64.whl.metadata (5.2 kB)
Collecting ml-dtypes~=0.3.1 (from tensorflow==2.16.2->tensorflow[and-cuda]==2.16.2->-r /home/arthur/latwalk-lab/latwalk/requirements-film-cuda.txt (line 3))
  Downloading ml_dtypes-0.3.2-cp312-cp312-manylinux_2_17_x86_64.manylinux2014_x86_64.whl.metadata (20 kB)
Collecting opt-einsum>=2.3.2 (from tensorflow==2.16.2->tensorflow[and-cuda]==2.16.2->-r /home/arthur/latwalk-lab/latwalk/requirements-film-cuda.txt (line 3))
  Downloading opt_einsum-3.4.0-py3-none-any.whl.metadata (6.3 kB)
Requirement already satisfied: packaging in ./venv/lib/python3.12/site-packages (from tensorflow==2.16.2->tensorflow[and-cuda]==2.16.2->-r /home/arthur/latwalk-lab/latwalk/requirements-film-cuda.txt (line 3)) (26.2)
Collecting protobuf!=4.21.0,!=4.21.1,!=4.21.2,!=4.21.3,!=4.21.4,!=4.21.5,<5.0.0dev,>=3.20.3 (from tensorflow==2.16.2->tensorflow[and-cuda]==2.16.2->-r /home/arthur/latwalk-lab/latwalk/requirements-film-cuda.txt (line 3))
  Downloading protobuf-4.25.9-cp37-abi3-manylinux2014_x86_64.whl.metadata (541 bytes)
Requirement already satisfied: requests<3,>=2.21.0 in ./venv/lib/python3.12/site-packages (from tensorflow==2.16.2->tensorflow[and-cuda]==2.16.2->-r /home/arthur/latwalk-lab/latwalk/requirements-film-cuda.txt (line 3)) (2.34.2)
Requirement already satisfied: setuptools in ./venv/lib/python3.12/site-packages (from tensorflow==2.16.2->tensorflow[and-cuda]==2.16.2->-r /home/arthur/latwalk-lab/latwalk/requirements-film-cuda.txt (line 3)) (81.0.0)
Requirement already satisfied: six>=1.12.0 in ./venv/lib/python3.12/site-packages (from tensorflow==2.16.2->tensorflow[and-cuda]==2.16.2->-r /home/arthur/latwalk-lab/latwalk/requirements-film-cuda.txt (line 3)) (1.17.0)
Collecting termcolor>=1.1.0 (from tensorflow==2.16.2->tensorflow[and-cuda]==2.16.2->-r /home/arthur/latwalk-lab/latwalk/requirements-film-cuda.txt (line 3))
  Downloading termcolor-3.3.0-py3-none-any.whl.metadata (6.5 kB)
Requirement already satisfied: typing-extensions>=3.6.6 in ./venv/lib/python3.12/site-packages (from tensorflow==2.16.2->tensorflow[and-cuda]==2.16.2->-r /home/arthur/latwalk-lab/latwalk/requirements-film-cuda.txt (line 3)) (4.16.0)
Collecting wrapt>=1.11.0 (from tensorflow==2.16.2->tensorflow[and-cuda]==2.16.2->-r /home/arthur/latwalk-lab/latwalk/requirements-film-cuda.txt (line 3))
  Downloading wrapt-2.2.2-cp312-cp312-manylinux1_x86_64.manylinux_2_28_x86_64.manylinux_2_5_x86_64.whl.metadata (7.4 kB)
Collecting grpcio<2.0,>=1.24.3 (from tensorflow==2.16.2->tensorflow[and-cuda]==2.16.2->-r /home/arthur/latwalk-lab/latwalk/requirements-film-cuda.txt (line 3))
  Downloading grpcio-1.81.1-cp312-cp312-manylinux2014_x86_64.manylinux_2_17_x86_64.whl.metadata (3.7 kB)
Collecting tensorboard<2.17,>=2.16 (from tensorflow==2.16.2->tensorflow[and-cuda]==2.16.2->-r /home/arthur/latwalk-lab/latwalk/requirements-film-cuda.txt (line 3))
  Downloading tensorboard-2.16.2-py3-none-any.whl.metadata (1.6 kB)
Collecting keras>=3.0.0 (from tensorflow==2.16.2->tensorflow[and-cuda]==2.16.2->-r /home/arthur/latwalk-lab/latwalk/requirements-film-cuda.txt (line 3))
  Downloading keras-3.15.0-py3-none-any.whl.metadata (6.3 kB)
Collecting numpy>=1.24 (from -r /home/arthur/latwalk-lab/latwalk/requirements-film-cuda.txt (line 1))
  Downloading numpy-1.26.4-cp312-cp312-manylinux_2_17_x86_64.manylinux2014_x86_64.whl.metadata (61 kB)
Collecting tf-keras>=2.14.1 (from tensorflow-hub==0.16.1->-r /home/arthur/latwalk-lab/latwalk/requirements-film-cuda.txt (line 4))
  Downloading tf_keras-2.21.0-py3-none-any.whl.metadata (1.8 kB)
Collecting nvidia-cublas-cu12==12.3.4.1 (from tensorflow[and-cuda]==2.16.2->-r /home/arthur/latwalk-lab/latwalk/requirements-film-cuda.txt (line 3))
  Downloading nvidia_cublas_cu12-12.3.4.1-py3-none-manylinux1_x86_64.whl.metadata (1.5 kB)
Collecting nvidia-cuda-cupti-cu12==12.3.101 (from tensorflow[and-cuda]==2.16.2->-r /home/arthur/latwalk-lab/latwalk/requirements-film-cuda.txt (line 3))
  Downloading nvidia_cuda_cupti_cu12-12.3.101-py3-none-manylinux1_x86_64.whl.metadata (1.6 kB)
Collecting nvidia-cuda-nvcc-cu12==12.3.107 (from tensorflow[and-cuda]==2.16.2->-r /home/arthur/latwalk-lab/latwalk/requirements-film-cuda.txt (line 3))
  Downloading nvidia_cuda_nvcc_cu12-12.3.107-py3-none-manylinux1_x86_64.whl.metadata (1.5 kB)
Collecting nvidia-cuda-nvrtc-cu12==12.3.107 (from tensorflow[and-cuda]==2.16.2->-r /home/arthur/latwalk-lab/latwalk/requirements-film-cuda.txt (line 3))
  Downloading nvidia_cuda_nvrtc_cu12-12.3.107-py3-none-manylinux1_x86_64.whl.metadata (1.5 kB)
Collecting nvidia-cuda-runtime-cu12==12.3.101 (from tensorflow[and-cuda]==2.16.2->-r /home/arthur/latwalk-lab/latwalk/requirements-film-cuda.txt (line 3))
  Downloading nvidia_cuda_runtime_cu12-12.3.101-py3-none-manylinux1_x86_64.whl.metadata (1.5 kB)
Collecting nvidia-cudnn-cu12==8.9.7.29 (from tensorflow[and-cuda]==2.16.2->-r /home/arthur/latwalk-lab/latwalk/requirements-film-cuda.txt (line 3))
  Downloading nvidia_cudnn_cu12-8.9.7.29-py3-none-manylinux1_x86_64.whl.metadata (1.6 kB)
Collecting nvidia-cufft-cu12==11.0.12.1 (from tensorflow[and-cuda]==2.16.2->-r /home/arthur/latwalk-lab/latwalk/requirements-film-cuda.txt (line 3))
  Downloading nvidia_cufft_cu12-11.0.12.1-py3-none-manylinux1_x86_64.whl.metadata (1.5 kB)
Collecting nvidia-curand-cu12==10.3.4.107 (from tensorflow[and-cuda]==2.16.2->-r /home/arthur/latwalk-lab/latwalk/requirements-film-cuda.txt (line 3))
  Downloading nvidia_curand_cu12-10.3.4.107-py3-none-manylinux1_x86_64.whl.metadata (1.5 kB)
Collecting nvidia-cusolver-cu12==11.5.4.101 (from tensorflow[and-cuda]==2.16.2->-r /home/arthur/latwalk-lab/latwalk/requirements-film-cuda.txt (line 3))
  Downloading nvidia_cusolver_cu12-11.5.4.101-py3-none-manylinux1_x86_64.whl.metadata (1.6 kB)
Collecting nvidia-cusparse-cu12==12.2.0.103 (from tensorflow[and-cuda]==2.16.2->-r /home/arthur/latwalk-lab/latwalk/requirements-film-cuda.txt (line 3))
  Downloading nvidia_cusparse_cu12-12.2.0.103-py3-none-manylinux1_x86_64.whl.metadata (1.6 kB)
Collecting nvidia-nccl-cu12==2.19.3 (from tensorflow[and-cuda]==2.16.2->-r /home/arthur/latwalk-lab/latwalk/requirements-film-cuda.txt (line 3))
  Downloading nvidia_nccl_cu12-2.19.3-py3-none-manylinux1_x86_64.whl.metadata (1.8 kB)
Collecting nvidia-nvjitlink-cu12==12.3.101 (from tensorflow[and-cuda]==2.16.2->-r /home/arthur/latwalk-lab/latwalk/requirements-film-cuda.txt (line 3))
  Downloading nvidia_nvjitlink_cu12-12.3.101-py3-none-manylinux1_x86_64.whl.metadata (1.5 kB)
Requirement already satisfied: charset_normalizer<4,>=2 in ./venv/lib/python3.12/site-packages (from requests<3,>=2.21.0->tensorflow==2.16.2->tensorflow[and-cuda]==2.16.2->-r /home/arthur/latwalk-lab/latwalk/requirements-film-cuda.txt (line 3)) (3.4.7)
Requirement already satisfied: idna<4,>=2.5 in ./venv/lib/python3.12/site-packages (from requests<3,>=2.21.0->tensorflow==2.16.2->tensorflow[and-cuda]==2.16.2->-r /home/arthur/latwalk-lab/latwalk/requirements-film-cuda.txt (line 3)) (3.18)
Requirement already satisfied: urllib3<3,>=1.26 in ./venv/lib/python3.12/site-packages (from requests<3,>=2.21.0->tensorflow==2.16.2->tensorflow[and-cuda]==2.16.2->-r /home/arthur/latwalk-lab/latwalk/requirements-film-cuda.txt (line 3)) (2.7.0)
Requirement already satisfied: certifi>=2023.5.7 in ./venv/lib/python3.12/site-packages (from requests<3,>=2.21.0->tensorflow==2.16.2->tensorflow[and-cuda]==2.16.2->-r /home/arthur/latwalk-lab/latwalk/requirements-film-cuda.txt (line 3)) (2026.6.17)
Collecting markdown>=2.6.8 (from tensorboard<2.17,>=2.16->tensorflow==2.16.2->tensorflow[and-cuda]==2.16.2->-r /home/arthur/latwalk-lab/latwalk/requirements-film-cuda.txt (line 3))
  Downloading markdown-3.10.2-py3-none-any.whl.metadata (5.1 kB)
Collecting tensorboard-data-server<0.8.0,>=0.7.0 (from tensorboard<2.17,>=2.16->tensorflow==2.16.2->tensorflow[and-cuda]==2.16.2->-r /home/arthur/latwalk-lab/latwalk/requirements-film-cuda.txt (line 3))
  Downloading tensorboard_data_server-0.7.2-py3-none-manylinux_2_31_x86_64.whl.metadata (1.1 kB)
Collecting werkzeug>=1.0.1 (from tensorboard<2.17,>=2.16->tensorflow==2.16.2->tensorflow[and-cuda]==2.16.2->-r /home/arthur/latwalk-lab/latwalk/requirements-film-cuda.txt (line 3))
  Downloading werkzeug-3.1.8-py3-none-any.whl.metadata (4.0 kB)
Requirement already satisfied: wheel<1.0,>=0.23.0 in ./venv/lib/python3.12/site-packages (from astunparse>=1.6.0->tensorflow==2.16.2->tensorflow[and-cuda]==2.16.2->-r /home/arthur/latwalk-lab/latwalk/requirements-film-cuda.txt (line 3)) (0.47.0)
Collecting rich (from keras>=3.0.0->tensorflow==2.16.2->tensorflow[and-cuda]==2.16.2->-r /home/arthur/latwalk-lab/latwalk/requirements-film-cuda.txt (line 3))
  Downloading rich-15.0.0-py3-none-any.whl.metadata (18 kB)
Collecting namex (from keras>=3.0.0->tensorflow==2.16.2->tensorflow[and-cuda]==2.16.2->-r /home/arthur/latwalk-lab/latwalk/requirements-film-cuda.txt (line 3))
  Downloading namex-0.1.0-py3-none-any.whl.metadata (322 bytes)
Collecting optree (from keras>=3.0.0->tensorflow==2.16.2->tensorflow[and-cuda]==2.16.2->-r /home/arthur/latwalk-lab/latwalk/requirements-film-cuda.txt (line 3))
  Downloading optree-0.19.1-cp312-cp312-manylinux_2_27_x86_64.manylinux_2_28_x86_64.whl.metadata (32 kB)
INFO: pip is looking at multiple versions of tf-keras to determine which version is compatible with other requirements. This could take a while.
Collecting tf-keras>=2.14.1 (from tensorflow-hub==0.16.1->-r /home/arthur/latwalk-lab/latwalk/requirements-film-cuda.txt (line 4))
  Downloading tf_keras-2.20.1-py3-none-any.whl.metadata (1.8 kB)
  Downloading tf_keras-2.19.0-py3-none-any.whl.metadata (1.8 kB)
  Downloading tf_keras-2.18.0-py3-none-any.whl.metadata (1.6 kB)
  Downloading tf_keras-2.17.0-py3-none-any.whl.metadata (1.6 kB)
  Downloading tf_keras-2.16.0-py3-none-any.whl.metadata (1.6 kB)
Requirement already satisfied: markupsafe>=2.1.1 in ./venv/lib/python3.12/site-packages (from werkzeug>=1.0.1->tensorboard<2.17,>=2.16->tensorflow==2.16.2->tensorflow[and-cuda]==2.16.2->-r /home/arthur/latwalk-lab/latwalk/requirements-film-cuda.txt (line 3)) (3.0.3)
Collecting markdown-it-py>=2.2.0 (from rich->keras>=3.0.0->tensorflow==2.16.2->tensorflow[and-cuda]==2.16.2->-r /home/arthur/latwalk-lab/latwalk/requirements-film-cuda.txt (line 3))
  Downloading markdown_it_py-4.2.0-py3-none-any.whl.metadata (7.4 kB)
Collecting pygments<3.0.0,>=2.13.0 (from rich->keras>=3.0.0->tensorflow==2.16.2->tensorflow[and-cuda]==2.16.2->-r /home/arthur/latwalk-lab/latwalk/requirements-film-cuda.txt (line 3))
  Downloading pygments-2.20.0-py3-none-any.whl.metadata (2.5 kB)
Collecting mdurl~=0.1 (from markdown-it-py>=2.2.0->rich->keras>=3.0.0->tensorflow==2.16.2->tensorflow[and-cuda]==2.16.2->-r /home/arthur/latwalk-lab/latwalk/requirements-film-cuda.txt (line 3))
  Using cached mdurl-0.1.2-py3-none-any.whl.metadata (1.6 kB)
Downloading tensorflow-2.16.2-cp312-cp312-manylinux_2_17_x86_64.manylinux2014_x86_64.whl (590.8 MB)
   ━━━━━━━━━━━━━━━━━━━━━━━━━━━━━━━━━━━━━━━━ 590.8/590.8 MB 2.2 MB/s  0:04:22
Downloading tensorflow_hub-0.16.1-py2.py3-none-any.whl (30 kB)
Downloading nvidia_cublas_cu12-12.3.4.1-py3-none-manylinux1_x86_64.whl (412.6 MB)
   ━━━━━━━━━━━━━━━━━━━━━━━━━━━━━━━━━━━━━━━━ 412.6/412.6 MB 2.5 MB/s  0:02:44
Downloading nvidia_cuda_cupti_cu12-12.3.101-py3-none-manylinux1_x86_64.whl (14.0 MB)
   ━━━━━━━━━━━━━━━━━━━━━━━━━━━━━━━━━━━━━━━━ 14.0/14.0 MB 2.7 MB/s  0:00:05
Downloading nvidia_cuda_nvcc_cu12-12.3.107-py3-none-manylinux1_x86_64.whl (22.0 MB)
   ━━━━━━━━━━━━━━━━━━━━━━━━━━━━━━━━━━━━━━━━ 22.0/22.0 MB 2.7 MB/s  0:00:08
Downloading nvidia_cuda_nvrtc_cu12-12.3.107-py3-none-manylinux1_x86_64.whl (24.9 MB)
   ━━━━━━━━━━━━━━━━━━━━━━━━━━━━━━━━━━━━━━━━ 24.9/24.9 MB 2.7 MB/s  0:00:09
Downloading nvidia_cuda_runtime_cu12-12.3.101-py3-none-manylinux1_x86_64.whl (867 kB)
   ━━━━━━━━━━━━━━━━━━━━━━━━━━━━━━━━━━━━━━━━ 867.7/867.7 kB 2.6 MB/s  0:00:00
Downloading nvidia_cudnn_cu12-8.9.7.29-py3-none-manylinux1_x86_64.whl (704.7 MB)
   ━━━━━━━━━━━━━━━━━━━━━━━━━━━━━━━━━━━━━━━━ 704.7/704.7 MB 2.2 MB/s  0:04:55
Downloading nvidia_cufft_cu12-11.0.12.1-py3-none-manylinux1_x86_64.whl (98.8 MB)
   ━━━━━━━━━━━━━━━━━━━━━━━━━━━━━━━━━━━━━━━━ 98.8/98.8 MB 1.6 MB/s  0:00:57
Downloading nvidia_curand_cu12-10.3.4.107-py3-none-manylinux1_x86_64.whl (56.3 MB)
   ━━━━━━━━━━━━━━━━━━━━━━━━━━━━━━━━━━━━━━━━ 56.3/56.3 MB 993.5 kB/s  0:00:42
Downloading nvidia_cusolver_cu12-11.5.4.101-py3-none-manylinux1_x86_64.whl (125.2 MB)
   ━━━━━━━━━━━━━━━━━━━━━━━━━━━━━━━━━━━━━━━━ 125.2/125.2 MB 1.4 MB/s  0:01:25
Downloading nvidia_cusparse_cu12-12.2.0.103-py3-none-manylinux1_x86_64.whl (197.5 MB)
   ━━━━━━━━━━━━━━━━━━━━━━━━━━━━━━━━━━━━━━━━ 197.5/197.5 MB 2.6 MB/s  0:01:18
Downloading nvidia_nccl_cu12-2.19.3-py3-none-manylinux1_x86_64.whl (166.0 MB)
   ━━━━━━━━━━━━━━━━━━━━━━━━━━━━━━━━━━━━━━━━ 166.0/166.0 MB 1.8 MB/s  0:01:14
Downloading nvidia_nvjitlink_cu12-12.3.101-py3-none-manylinux1_x86_64.whl (20.5 MB)
   ━━━━━━━━━━━━━━━━━━━━━━━━━━━━━━━━━━━━━━━━ 20.5/20.5 MB 2.4 MB/s  0:00:08
Downloading numpy-1.26.4-cp312-cp312-manylinux_2_17_x86_64.manylinux2014_x86_64.whl (18.0 MB)
   ━━━━━━━━━━━━━━━━━━━━━━━━━━━━━━━━━━━━━━━━ 18.0/18.0 MB 2.5 MB/s  0:00:07
Downloading grpcio-1.81.1-cp312-cp312-manylinux2014_x86_64.manylinux_2_17_x86_64.whl (6.8 MB)
   ━━━━━━━━━━━━━━━━━━━━━━━━━━━━━━━━━━━━━━━━ 6.8/6.8 MB 2.6 MB/s  0:00:02
Downloading ml_dtypes-0.3.2-cp312-cp312-manylinux_2_17_x86_64.manylinux2014_x86_64.whl (2.2 MB)
   ━━━━━━━━━━━━━━━━━━━━━━━━━━━━━━━━━━━━━━━━ 2.2/2.2 MB 2.8 MB/s  0:00:00
Downloading protobuf-4.25.9-cp37-abi3-manylinux2014_x86_64.whl (295 kB)
Downloading tensorboard-2.16.2-py3-none-any.whl (5.5 MB)
   ━━━━━━━━━━━━━━━━━━━━━━━━━━━━━━━━━━━━━━━━ 5.5/5.5 MB 2.7 MB/s  0:00:02
Downloading tensorboard_data_server-0.7.2-py3-none-manylinux_2_31_x86_64.whl (6.6 MB)
   ━━━━━━━━━━━━━━━━━━━━━━━━━━━━━━━━━━━━━━━━ 6.6/6.6 MB 2.4 MB/s  0:00:02
Downloading astunparse-1.6.3-py2.py3-none-any.whl (12 kB)
Downloading gast-0.7.0-py3-none-any.whl (22 kB)
Downloading google_pasta-0.2.0-py3-none-any.whl (57 kB)
Downloading h5py-3.16.0-cp312-cp312-manylinux_2_28_x86_64.whl (5.4 MB)
   ━━━━━━━━━━━━━━━━━━━━━━━━━━━━━━━━━━━━━━━━ 5.4/5.4 MB 2.5 MB/s  0:00:02
Downloading keras-3.15.0-py3-none-any.whl (1.7 MB)
   ━━━━━━━━━━━━━━━━━━━━━━━━━━━━━━━━━━━━━━━━ 1.7/1.7 MB 2.7 MB/s  0:00:00
Downloading libclang-18.1.1-py2.py3-none-manylinux2010_x86_64.whl (24.5 MB)
   ━━━━━━━━━━━━━━━━━━━━━━━━━━━━━━━━━━━━━━━━ 24.5/24.5 MB 2.3 MB/s  0:00:10
Downloading markdown-3.10.2-py3-none-any.whl (108 kB)
Downloading opt_einsum-3.4.0-py3-none-any.whl (71 kB)
Downloading termcolor-3.3.0-py3-none-any.whl (7.7 kB)
Downloading tf_keras-2.16.0-py3-none-any.whl (1.7 MB)
   ━━━━━━━━━━━━━━━━━━━━━━━━━━━━━━━━━━━━━━━━ 1.7/1.7 MB 2.3 MB/s  0:00:00
Downloading werkzeug-3.1.8-py3-none-any.whl (226 kB)
Downloading wrapt-2.2.2-cp312-cp312-manylinux1_x86_64.manylinux_2_28_x86_64.manylinux_2_5_x86_64.whl (169 kB)
Downloading namex-0.1.0-py3-none-any.whl (5.9 kB)
Downloading optree-0.19.1-cp312-cp312-manylinux_2_27_x86_64.manylinux_2_28_x86_64.whl (457 kB)
Downloading rich-15.0.0-py3-none-any.whl (310 kB)
Downloading pygments-2.20.0-py3-none-any.whl (1.2 MB)
   ━━━━━━━━━━━━━━━━━━━━━━━━━━━━━━━━━━━━━━━━ 1.2/1.2 MB 3.0 MB/s  0:00:00
Downloading markdown_it_py-4.2.0-py3-none-any.whl (91 kB)
Using cached mdurl-0.1.2-py3-none-any.whl (10.0 kB)
Installing collected packages: namex, libclang, wrapt, werkzeug, termcolor, tensorboard-data-server, pygments, protobuf, optree, opt-einsum, nvidia-nvjitlink-cu12, nvidia-nccl-cu12, nvidia-curand-cu12, nvidia-cufft-cu12, nvidia-cuda-runtime-cu12, nvidia-cuda-nvrtc-cu12, nvidia-cuda-nvcc-cu12, nvidia-cuda-cupti-cu12, nvidia-cublas-cu12, numpy, mdurl, markdown, grpcio, google-pasta, gast, tensorboard, nvidia-cusparse-cu12, nvidia-cudnn-cu12, ml-dtypes, markdown-it-py, h5py, astunparse, rich, nvidia-cusolver-cu12, keras, tensorflow, tf-keras, tensorflow-hub
  Attempting uninstall: protobuf
    Found existing installation: protobuf 6.33.6
    Uninstalling protobuf-6.33.6:
      Successfully uninstalled protobuf-6.33.6
  Attempting uninstall: nvidia-nvjitlink-cu12
    Found existing installation: nvidia-nvjitlink-cu12 12.4.127
    Uninstalling nvidia-nvjitlink-cu12-12.4.127:
      Successfully uninstalled nvidia-nvjitlink-cu12-12.4.127
  Attempting uninstall: nvidia-nccl-cu12
    Found existing installation: nvidia-nccl-cu12 2.21.5
    Uninstalling nvidia-nccl-cu12-2.21.5:
      Successfully uninstalled nvidia-nccl-cu12-2.21.5
  Attempting uninstall: nvidia-curand-cu12
    Found existing installation: nvidia-curand-cu12 10.3.5.147
    Uninstalling nvidia-curand-cu12-10.3.5.147:
      Successfully uninstalled nvidia-curand-cu12-10.3.5.147
  Attempting uninstall: nvidia-cufft-cu12
    Found existing installation: nvidia-cufft-cu12 11.2.1.3
    Uninstalling nvidia-cufft-cu12-11.2.1.3:
      Successfully uninstalled nvidia-cufft-cu12-11.2.1.3
  Attempting uninstall: nvidia-cuda-runtime-cu12
    Found existing installation: nvidia-cuda-runtime-cu12 12.4.127
    Uninstalling nvidia-cuda-runtime-cu12-12.4.127:
      Successfully uninstalled nvidia-cuda-runtime-cu12-12.4.127
  Attempting uninstall: nvidia-cuda-nvrtc-cu12
    Found existing installation: nvidia-cuda-nvrtc-cu12 12.4.127
    Uninstalling nvidia-cuda-nvrtc-cu12-12.4.127:
      Successfully uninstalled nvidia-cuda-nvrtc-cu12-12.4.127
  Attempting uninstall: nvidia-cuda-cupti-cu12
    Found existing installation: nvidia-cuda-cupti-cu12 12.4.127
    Uninstalling nvidia-cuda-cupti-cu12-12.4.127:
      Successfully uninstalled nvidia-cuda-cupti-cu12-12.4.127
  Attempting uninstall: nvidia-cublas-cu12
    Found existing installation: nvidia-cublas-cu12 12.4.5.8
    Uninstalling nvidia-cublas-cu12-12.4.5.8:
      Successfully uninstalled nvidia-cublas-cu12-12.4.5.8
  Attempting uninstall: numpy
    Found existing installation: numpy 2.5.1
    Uninstalling numpy-2.5.1:
      Successfully uninstalled numpy-2.5.1
  Attempting uninstall: nvidia-cusparse-cu12
    Found existing installation: nvidia-cusparse-cu12 12.3.1.170
    Uninstalling nvidia-cusparse-cu12-12.3.1.170:
      Successfully uninstalled nvidia-cusparse-cu12-12.3.1.170
  Attempting uninstall: nvidia-cudnn-cu12
    Found existing installation: nvidia-cudnn-cu12 9.1.0.70
    Uninstalling nvidia-cudnn-cu12-9.1.0.70:
      Successfully uninstalled nvidia-cudnn-cu12-9.1.0.70
  Attempting uninstall: nvidia-cusolver-cu12
    Found existing installation: nvidia-cusolver-cu12 11.6.1.9
    Uninstalling nvidia-cusolver-cu12-11.6.1.9:
      Successfully uninstalled nvidia-cusolver-cu12-11.6.1.9

ERROR: pip's dependency resolver does not currently take into account all the packages that are installed. This behaviour is the source of the following dependency conflicts.
scipy 1.18.0 requires numpy<2.8,>=2.0.0, but you have numpy 1.26.4 which is incompatible.
ortools 9.15.6755 requires numpy>=2.0.2, but you have numpy 1.26.4 which is incompatible.
ortools 9.15.6755 requires protobuf<6.34,>=6.33.1, but you have protobuf 4.25.9 which is incompatible.
torch 2.5.1+cu124 requires nvidia-cublas-cu12==12.4.5.8; platform_system == "Linux" and platform_machine == "x86_64", but you have nvidia-cublas-cu12 12.3.4.1 which is incompatible.
torch 2.5.1+cu124 requires nvidia-cuda-cupti-cu12==12.4.127; platform_system == "Linux" and platform_machine == "x86_64", but you have nvidia-cuda-cupti-cu12 12.3.101 which is incompatible.
torch 2.5.1+cu124 requires nvidia-cuda-nvrtc-cu12==12.4.127; platform_system == "Linux" and platform_machine == "x86_64", but you have nvidia-cuda-nvrtc-cu12 12.3.107 which is incompatible.
torch 2.5.1+cu124 requires nvidia-cuda-runtime-cu12==12.4.127; platform_system == "Linux" and platform_machine == "x86_64", but you have nvidia-cuda-runtime-cu12 12.3.101 which is incompatible.
torch 2.5.1+cu124 requires nvidia-cudnn-cu12==9.1.0.70; platform_system == "Linux" and platform_machine == "x86_64", but you have nvidia-cudnn-cu12 8.9.7.29 which is incompatible.
torch 2.5.1+cu124 requires nvidia-cufft-cu12==11.2.1.3; platform_system == "Linux" and platform_machine == "x86_64", but you have nvidia-cufft-cu12 11.0.12.1 which is incompatible.
torch 2.5.1+cu124 requires nvidia-curand-cu12==10.3.5.147; platform_system == "Linux" and platform_machine == "x86_64", but you have nvidia-curand-cu12 10.3.4.107 which is incompatible.
torch 2.5.1+cu124 requires nvidia-cusolver-cu12==11.6.1.9; platform_system == "Linux" and platform_machine == "x86_64", but you have nvidia-cusolver-cu12 11.5.4.101 which is incompatible.
torch 2.5.1+cu124 requires nvidia-cusparse-cu12==12.3.1.170; platform_system == "Linux" and platform_machine == "x86_64", but you have nvidia-cusparse-cu12 12.2.0.103 which is incompatible.
torch 2.5.1+cu124 requires nvidia-nccl-cu12==2.21.5; platform_system == "Linux" and platform_machine == "x86_64", but you have nvidia-nccl-cu12 2.19.3 which is incompatible.
torch 2.5.1+cu124 requires nvidia-nvjitlink-cu12==12.4.127; platform_system == "Linux" and platform_machine == "x86_64", but you have nvidia-nvjitlink-cu12 12.3.101 which is incompatible.
opencv-python 5.0.0.93 requires numpy>=2; python_version >= "3.9", but you have numpy 1.26.4 which is incompatible.
Successfully installed astunparse-1.6.3 gast-0.7.0 google-pasta-0.2.0 grpcio-1.81.1 h5py-3.16.0 keras-3.15.0 libclang-18.1.1 markdown-3.10.2 markdown-it-py-4.2.0 mdurl-0.1.2 ml-dtypes-0.3.2 namex-0.1.0 numpy-1.26.4 nvidia-cublas-cu12-12.3.4.1 nvidia-cuda-cupti-cu12-12.3.101 nvidia-cuda-nvcc-cu12-12.3.107 nvidia-cuda-nvrtc-cu12-12.3.107 nvidia-cuda-runtime-cu12-12.3.101 nvidia-cudnn-cu12-8.9.7.29 nvidia-cufft-cu12-11.0.12.1 nvidia-curand-cu12-10.3.4.107 nvidia-cusolver-cu12-11.5.4.101 nvidia-cusparse-cu12-12.2.0.103 nvidia-nccl-cu12-2.19.3 nvidia-nvjitlink-cu12-12.3.101 opt-einsum-3.4.0 optree-0.19.1 protobuf-4.25.9 pygments-2.20.0 rich-15.0.0 tensorboard-2.16.2 tensorboard-data-server-0.7.2 tensorflow-2.16.2 tensorflow-hub-0.16.1 termcolor-3.3.0 tf-keras-2.16.0 werkzeug-3.1.8 wrapt-2.2.2
TensorFlow summary:
2026-07-08 18:55:25.827311: E external/local_xla/xla/stream_executor/cuda/cuda_fft.cc:479] Unable to register cuFFT factory: Attempting to register factory for plugin cuFFT when one has already been registered
2026-07-08 18:55:25.842754: E external/local_xla/xla/stream_executor/cuda/cuda_dnn.cc:10575] Unable to register cuDNN factory: Attempting to register factory for plugin cuDNN when one has already been registered
2026-07-08 18:55:25.842782: E external/local_xla/xla/stream_executor/cuda/cuda_blas.cc:1442] Unable to register cuBLAS factory: Attempting to register factory for plugin cuBLAS when one has already been registered
2026-07-08 18:55:25.853144: I tensorflow/core/platform/cpu_feature_guard.cc:210] This TensorFlow binary is optimized to use available CPU instructions in performance-critical operations.
To enable the following instructions: AVX2 FMA, in other operations, rebuild TensorFlow with the appropriate compiler flags.
2026-07-08 18:55:34.851193: W tensorflow/compiler/tf2tensorrt/utils/py_utils.cc:38] TF-TRT Warning: Could not find TensorRT
/home/arthur/latwalk-lab/venv/lib/python3.12/site-packages/tensorflow/python/keras/engine/training_arrays_v1.py:37: UserWarning: A NumPy version >=2.0.0 and <2.8.0 is required for this version of SciPy (detected version 1.26.4)
  from scipy.sparse import issparse  # pylint: disable=g-import-not-at-top
/home/arthur/latwalk-lab/venv/lib/python3.12/site-packages/scipy/sparse/_sputils.py:17: FutureWarning: In the future `np.long` will be defined as the corresponding NumPy scalar.
  np.uintc, np.long, np.ulong, np.longlong, np.ulonglong,
Traceback (most recent call last):
  File "<stdin>", line 1, in <module>
  File "/home/arthur/latwalk-lab/venv/lib/python3.12/site-packages/tensorflow/__init__.py", line 45, in <module>
    from tensorflow._api.v2 import __internal__
  File "/home/arthur/latwalk-lab/venv/lib/python3.12/site-packages/tensorflow/_api/v2/__internal__/__init__.py", line 13, in <module>
    from tensorflow._api.v2.__internal__ import feature_column
  File "/home/arthur/latwalk-lab/venv/lib/python3.12/site-packages/tensorflow/_api/v2/__internal__/feature_column/__init__.py", line 8, in <module>
    from tensorflow.python.feature_column.feature_column_v2 import DenseColumn # line: 1777
    ^^^^^^^^^^^^^^^^^^^^^^^^^^^^^^^^^^^^^^^^^^^^^^^^^^^^^^^^^^^^^^^^^^^^^^^^^^
  File "/home/arthur/latwalk-lab/venv/lib/python3.12/site-packages/tensorflow/python/feature_column/feature_column_v2.py", line 38, in <module>
    from tensorflow.python.feature_column import feature_column as fc_old
  File "/home/arthur/latwalk-lab/venv/lib/python3.12/site-packages/tensorflow/python/feature_column/feature_column.py", line 41, in <module>
    from tensorflow.python.layers import base
  File "/home/arthur/latwalk-lab/venv/lib/python3.12/site-packages/tensorflow/python/layers/base.py", line 16, in <module>
    from tensorflow.python.keras.legacy_tf_layers import base
  File "/home/arthur/latwalk-lab/venv/lib/python3.12/site-packages/tensorflow/python/keras/__init__.py", line 25, in <module>
    from tensorflow.python.keras import models
  File "/home/arthur/latwalk-lab/venv/lib/python3.12/site-packages/tensorflow/python/keras/models.py", line 25, in <module>
    from tensorflow.python.keras.engine import training_v1
  File "/home/arthur/latwalk-lab/venv/lib/python3.12/site-packages/tensorflow/python/keras/engine/training_v1.py", line 46, in <module>
    from tensorflow.python.keras.engine import training_arrays_v1
  File "/home/arthur/latwalk-lab/venv/lib/python3.12/site-packages/tensorflow/python/keras/engine/training_arrays_v1.py", line 37, in <module>
    from scipy.sparse import issparse  # pylint: disable=g-import-not-at-top
    ^^^^^^^^^^^^^^^^^^^^^^^^^^^^^^^^^
  File "/home/arthur/latwalk-lab/venv/lib/python3.12/site-packages/scipy/sparse/__init__.py", line 250, in <module>
    from ._base import *
  File "/home/arthur/latwalk-lab/venv/lib/python3.12/site-packages/scipy/sparse/_base.py", line 8, in <module>
    from ._sputils import (asmatrix, check_shape,
  File "/home/arthur/latwalk-lab/venv/lib/python3.12/site-packages/scipy/sparse/_sputils.py", line 17, in <module>
    np.uintc, np.long, np.ulong, np.longlong, np.ulonglong,
              ^^^^^^^
  File "/home/arthur/latwalk-lab/venv/lib/python3.12/site-packages/numpy/__init__.py", line 333, in __getattr__
    raise AttributeError("module {!r} has no attribute "
AttributeError: module 'numpy' has no attribute 'long'. Did you mean: 'log'?
=== run-gpu-full at 2026-07-08T18:55:38+10:00 ===
ffmpeg -y -ss 0.000000 -i /home/arthur/latwalk-lab/generations/render2_pulse.mp4 -t 6.000000 -map 0:a:0? -vn -c:a copy /home/arthur/latwalk-lab/.film_work/render2_pulse_film/audio.m4a
ffmpeg version 6.1.1-3ubuntu5 Copyright (c) 2000-2023 the FFmpeg developers
  built with gcc 13 (Ubuntu 13.2.0-23ubuntu3)
  configuration: --prefix=/usr --extra-version=3ubuntu5 --toolchain=hardened --libdir=/usr/lib/x86_64-linux-gnu --incdir=/usr/include/x86_64-linux-gnu --arch=amd64 --enable-gpl --disable-stripping --disable-omx --enable-gnutls --enable-libaom --enable-libass --enable-libbs2b --enable-libcaca --enable-libcdio --enable-libcodec2 --enable-libdav1d --enable-libflite --enable-libfontconfig --enable-libfreetype --enable-libfribidi --enable-libglslang --enable-libgme --enable-libgsm --enable-libharfbuzz --enable-libmp3lame --enable-libmysofa --enable-libopenjpeg --enable-libopenmpt --enable-libopus --enable-librubberband --enable-libshine --enable-libsnappy --enable-libsoxr --enable-libspeex --enable-libtheora --enable-libtwolame --enable-libvidstab --enable-libvorbis --enable-libvpx --enable-libwebp --enable-libx265 --enable-libxml2 --enable-libxvid --enable-libzimg --enable-openal --enable-opencl --enable-opengl --disable-sndio --enable-libvpl --disable-libmfx --enable-libdc1394 --enable-libdrm --enable-libiec61883 --enable-chromaprint --enable-frei0r --enable-ladspa --enable-libbluray --enable-libjack --enable-libpulse --enable-librabbitmq --enable-librist --enable-libsrt --enable-libssh --enable-libsvtav1 --enable-libx264 --enable-libzmq --enable-libzvbi --enable-lv2 --enable-sdl2 --enable-libplacebo --enable-librav1e --enable-pocketsphinx --enable-librsvg --enable-libjxl --enable-shared
  libavutil      58. 29.100 / 58. 29.100
  libavcodec     60. 31.102 / 60. 31.102
  libavformat    60. 16.100 / 60. 16.100
  libavdevice    60.  3.100 / 60.  3.100
  libavfilter     9. 12.100 /  9. 12.100
  libswscale      7.  5.100 /  7.  5.100
  libswresample   4. 12.100 /  4. 12.100
  libpostproc    57.  3.100 / 57.  3.100
Input #0, mov,mp4,m4a,3gp,3g2,mj2, from '/home/arthur/latwalk-lab/generations/render2_pulse.mp4':
  Metadata:
    major_brand     : isom
    minor_version   : 512
    compatible_brands: isomiso2mp41
    encoder         : Lavf60.16.100
  Duration: 00:00:30.00, start: 0.000000, bitrate: 3348 kb/s
  Stream #0:0[0x1](und): Video: mpeg4 (Simple Profile) (mp4v / 0x7634706D), yuv420p, 720x720 [SAR 1:1 DAR 1:1], 3296 kb/s, 30 fps, 30 tbr, 15360 tbn (default)
    Metadata:
      handler_name    : VideoHandler
      vendor_id       : [0][0][0][0]
  Stream #0:1[0x2](und): Audio: aac (LC) (mp4a / 0x6134706D), 44100 Hz, mono, fltp, 44 kb/s (default)
    Metadata:
      handler_name    : SoundHandler
      vendor_id       : [0][0][0][0]
Output #0, ipod, to '/home/arthur/latwalk-lab/.film_work/render2_pulse_film/audio.m4a':
  Metadata:
    major_brand     : isom
    minor_version   : 512
    compatible_brands: isomiso2mp41
    encoder         : Lavf60.16.100
  Stream #0:0(und): Audio: aac (LC) (mp4a / 0x6134706D), 44100 Hz, mono, fltp, 44 kb/s (default)
    Metadata:
      handler_name    : SoundHandler
      vendor_id       : [0][0][0][0]
Stream mapping:
  Stream #0:1 -> #0:0 (copy)
Press [q] to stop, [?] for help
size=       0kB time=00:00:00.00 bitrate=N/A speed=N/A    [out#0/ipod @ 0x5f67cf2f8e40] video:0kB audio:33kB subtitle:0kB other streams:0kB global headers:0kB muxing overhead: 5.427067%
size=      35kB time=00:00:05.99 bitrate=  47.6kbits/s speed=3.06e+03x    
ffmpeg -y -ss 0.000000 -i /home/arthur/latwalk-lab/generations/render2_pulse.mp4 -t 6.000000 -an -vf fps=12,scale=512:512:flags=lanczos /home/arthur/latwalk-lab/.film_work/render2_pulse_film/input_frames/%08d.png
ffmpeg version 6.1.1-3ubuntu5 Copyright (c) 2000-2023 the FFmpeg developers
  built with gcc 13 (Ubuntu 13.2.0-23ubuntu3)
  configuration: --prefix=/usr --extra-version=3ubuntu5 --toolchain=hardened --libdir=/usr/lib/x86_64-linux-gnu --incdir=/usr/include/x86_64-linux-gnu --arch=amd64 --enable-gpl --disable-stripping --disable-omx --enable-gnutls --enable-libaom --enable-libass --enable-libbs2b --enable-libcaca --enable-libcdio --enable-libcodec2 --enable-libdav1d --enable-libflite --enable-libfontconfig --enable-libfreetype --enable-libfribidi --enable-libglslang --enable-libgme --enable-libgsm --enable-libharfbuzz --enable-libmp3lame --enable-libmysofa --enable-libopenjpeg --enable-libopenmpt --enable-libopus --enable-librubberband --enable-libshine --enable-libsnappy --enable-libsoxr --enable-libspeex --enable-libtheora --enable-libtwolame --enable-libvidstab --enable-libvorbis --enable-libvpx --enable-libwebp --enable-libx265 --enable-libxml2 --enable-libxvid --enable-libzimg --enable-openal --enable-opencl --enable-opengl --disable-sndio --enable-libvpl --disable-libmfx --enable-libdc1394 --enable-libdrm --enable-libiec61883 --enable-chromaprint --enable-frei0r --enable-ladspa --enable-libbluray --enable-libjack --enable-libpulse --enable-librabbitmq --enable-librist --enable-libsrt --enable-libssh --enable-libsvtav1 --enable-libx264 --enable-libzmq --enable-libzvbi --enable-lv2 --enable-sdl2 --enable-libplacebo --enable-librav1e --enable-pocketsphinx --enable-librsvg --enable-libjxl --enable-shared
  libavutil      58. 29.100 / 58. 29.100
  libavcodec     60. 31.102 / 60. 31.102
  libavformat    60. 16.100 / 60. 16.100
  libavdevice    60.  3.100 / 60.  3.100
  libavfilter     9. 12.100 /  9. 12.100
  libswscale      7.  5.100 /  7.  5.100
  libswresample   4. 12.100 /  4. 12.100
  libpostproc    57.  3.100 / 57.  3.100
Input #0, mov,mp4,m4a,3gp,3g2,mj2, from '/home/arthur/latwalk-lab/generations/render2_pulse.mp4':
  Metadata:
    major_brand     : isom
    minor_version   : 512
    compatible_brands: isomiso2mp41
    encoder         : Lavf60.16.100
  Duration: 00:00:30.00, start: 0.000000, bitrate: 3348 kb/s
  Stream #0:0[0x1](und): Video: mpeg4 (Simple Profile) (mp4v / 0x7634706D), yuv420p, 720x720 [SAR 1:1 DAR 1:1], 3296 kb/s, 30 fps, 30 tbr, 15360 tbn (default)
    Metadata:
      handler_name    : VideoHandler
      vendor_id       : [0][0][0][0]
  Stream #0:1[0x2](und): Audio: aac (LC) (mp4a / 0x6134706D), 44100 Hz, mono, fltp, 44 kb/s (default)
    Metadata:
      handler_name    : SoundHandler
      vendor_id       : [0][0][0][0]
Stream mapping:
  Stream #0:0 -> #0:0 (mpeg4 (native) -> png (native))
Press [q] to stop, [?] for help
Output #0, image2, to '/home/arthur/latwalk-lab/.film_work/render2_pulse_film/input_frames/%08d.png':
  Metadata:
    major_brand     : isom
    minor_version   : 512
    compatible_brands: isomiso2mp41
    encoder         : Lavf60.16.100
  Stream #0:0(und): Video: png, rgb24(pc, gbr/unknown/unknown, progressive), 512x512 [SAR 1:1 DAR 1:1], q=2-31, 200 kb/s, 12 fps, 12 tbn (default)
    Metadata:
      handler_name    : VideoHandler
      vendor_id       : [0][0][0][0]
      encoder         : Lavc60.31.102 png
frame=    0 fps=0.0 q=0.0 size=       0kB time=N/A bitrate=N/A speed=N/A    [out#0/image2 @ 0x63ee8d42dc80] video:25391kB audio:0kB subtitle:0kB other streams:0kB global headers:0kB muxing overhead: unknown
frame=   72 fps=0.0 q=-0.0 Lsize=N/A time=00:00:05.91 bitrate=N/A speed=  27x    
2026-07-08 18:55:41.662873: E external/local_xla/xla/stream_executor/cuda/cuda_fft.cc:479] Unable to register cuFFT factory: Attempting to register factory for plugin cuFFT when one has already been registered
2026-07-08 18:55:41.678469: E external/local_xla/xla/stream_executor/cuda/cuda_dnn.cc:10575] Unable to register cuDNN factory: Attempting to register factory for plugin cuDNN when one has already been registered
2026-07-08 18:55:41.678503: E external/local_xla/xla/stream_executor/cuda/cuda_blas.cc:1442] Unable to register cuBLAS factory: Attempting to register factory for plugin cuBLAS when one has already been registered
2026-07-08 18:55:41.688935: I tensorflow/core/platform/cpu_feature_guard.cc:210] This TensorFlow binary is optimized to use available CPU instructions in performance-critical operations.
To enable the following instructions: AVX2 FMA, in other operations, rebuild TensorFlow with the appropriate compiler flags.
2026-07-08 18:55:42.426529: W tensorflow/compiler/tf2tensorrt/utils/py_utils.cc:38] TF-TRT Warning: Could not find TensorRT
/home/arthur/latwalk-lab/venv/lib/python3.12/site-packages/tensorflow/python/keras/engine/training_arrays_v1.py:37: UserWarning: A NumPy version >=2.0.0 and <2.8.0 is required for this version of SciPy (detected version 1.26.4)
  from scipy.sparse import issparse  # pylint: disable=g-import-not-at-top
/home/arthur/latwalk-lab/venv/lib/python3.12/site-packages/scipy/sparse/_sputils.py:17: FutureWarning: In the future `np.long` will be defined as the corresponding NumPy scalar.
  np.uintc, np.long, np.ulong, np.longlong, np.ulonglong,
Traceback (most recent call last):
  File "/home/arthur/latwalk-lab/latwalk/film_interpolate.py", line 326, in <module>
    sys.exit(main())
             ^^^^^^
  File "/home/arthur/latwalk-lab/latwalk/film_interpolate.py", line 264, in main
    interpolator = FilmInterpolator(
                   ^^^^^^^^^^^^^^^^^
  File "/home/arthur/latwalk-lab/latwalk/film_interpolate.py", line 168, in __init__
    import tensorflow as tf
  File "/home/arthur/latwalk-lab/venv/lib/python3.12/site-packages/tensorflow/__init__.py", line 45, in <module>
    from tensorflow._api.v2 import __internal__
  File "/home/arthur/latwalk-lab/venv/lib/python3.12/site-packages/tensorflow/_api/v2/__internal__/__init__.py", line 13, in <module>
    from tensorflow._api.v2.__internal__ import feature_column
  File "/home/arthur/latwalk-lab/venv/lib/python3.12/site-packages/tensorflow/_api/v2/__internal__/feature_column/__init__.py", line 8, in <module>
    from tensorflow.python.feature_column.feature_column_v2 import DenseColumn # line: 1777
    ^^^^^^^^^^^^^^^^^^^^^^^^^^^^^^^^^^^^^^^^^^^^^^^^^^^^^^^^^^^^^^^^^^^^^^^^^^
  File "/home/arthur/latwalk-lab/venv/lib/python3.12/site-packages/tensorflow/python/feature_column/feature_column_v2.py", line 38, in <module>
    from tensorflow.python.feature_column import feature_column as fc_old
  File "/home/arthur/latwalk-lab/venv/lib/python3.12/site-packages/tensorflow/python/feature_column/feature_column.py", line 41, in <module>
    from tensorflow.python.layers import base
  File "/home/arthur/latwalk-lab/venv/lib/python3.12/site-packages/tensorflow/python/layers/base.py", line 16, in <module>
    from tensorflow.python.keras.legacy_tf_layers import base
  File "/home/arthur/latwalk-lab/venv/lib/python3.12/site-packages/tensorflow/python/keras/__init__.py", line 25, in <module>
    from tensorflow.python.keras import models
  File "/home/arthur/latwalk-lab/venv/lib/python3.12/site-packages/tensorflow/python/keras/models.py", line 25, in <module>
    from tensorflow.python.keras.engine import training_v1
  File "/home/arthur/latwalk-lab/venv/lib/python3.12/site-packages/tensorflow/python/keras/engine/training_v1.py", line 46, in <module>
    from tensorflow.python.keras.engine import training_arrays_v1
  File "/home/arthur/latwalk-lab/venv/lib/python3.12/site-packages/tensorflow/python/keras/engine/training_arrays_v1.py", line 37, in <module>
    from scipy.sparse import issparse  # pylint: disable=g-import-not-at-top
    ^^^^^^^^^^^^^^^^^^^^^^^^^^^^^^^^^
  File "/home/arthur/latwalk-lab/venv/lib/python3.12/site-packages/scipy/sparse/__init__.py", line 250, in <module>
    from ._base import *
  File "/home/arthur/latwalk-lab/venv/lib/python3.12/site-packages/scipy/sparse/_base.py", line 8, in <module>
    from ._sputils import (asmatrix, check_shape,
  File "/home/arthur/latwalk-lab/venv/lib/python3.12/site-packages/scipy/sparse/_sputils.py", line 17, in <module>
    np.uintc, np.long, np.ulong, np.longlong, np.ulonglong,
              ^^^^^^^
  File "/home/arthur/latwalk-lab/venv/lib/python3.12/site-packages/numpy/__init__.py", line 333, in __getattr__
    raise AttributeError("module {!r} has no attribute "
AttributeError: module 'numpy' has no attribute 'long'. Did you mean: 'log'?
Command exited with non-zero status 1
	Command being timed: "python /home/arthur/latwalk-lab/latwalk/film_interpolate.py --input /home/arthur/latwalk-lab/generations/render2_pulse.mp4 --output /home/arthur/latwalk-lab/generations/render2_pulse_film.mp4 --source-fps 12 --factor 2 --width 512 --height 512 --overwrite --keep-work-dir --work-dir /home/arthur/latwalk-lab/.film_work/render2_pulse_film"
	User time (seconds): 3.12
	System time (seconds): 0.97
	Percent of CPU this job got: 69%
	Elapsed (wall clock) time (h:mm:ss or m:ss): 0:05.86
	Average shared text size (kbytes): 0
	Average unshared data size (kbytes): 0
	Average stack size (kbytes): 0
	Average total size (kbytes): 0
	Maximum resident set size (kbytes): 401648
	Average resident set size (kbytes): 0
	Major (requiring I/O) page faults: 1
	Minor (reclaiming a frame) page faults: 82141
	Voluntary context switches: 3503
	Involuntary context switches: 1431
	Swaps: 0
	File system inputs: 0
	File system outputs: 51136
	Socket messages sent: 0
	Socket messages received: 0
	Signals delivered: 0
	Page size (bytes): 4096
	Exit status: 1
=== fix-attempt at 2026-07-08T18:55:44+10:00 ===
Collecting nvidia-cudnn-cu12==8.9.7.29
  Using cached nvidia_cudnn_cu12-8.9.7.29-py3-none-manylinux1_x86_64.whl.metadata (1.6 kB)
ERROR: Could not find a version that satisfies the requirement nvidia-cuda-runtime-cu12==12.3.107 (from versions: 0.0.1.dev5, 12.0.107, 12.0.146, 12.1.55, 12.1.105, 12.2.53, 12.2.128, 12.2.140, 12.3.52, 12.3.101, 12.4.99, 12.4.127, 12.5.39, 12.5.82, 12.6.37, 12.6.68, 12.6.77, 12.8.57, 12.8.90, 12.9.37, 12.9.79)
ERROR: No matching distribution found for nvidia-cuda-runtime-cu12==12.3.107
ffmpeg -y -ss 0.000000 -i /home/arthur/latwalk-lab/generations/render2_pulse.mp4 -t 6.000000 -map 0:a:0? -vn -c:a copy /home/arthur/latwalk-lab/.film_work/render2_pulse_film/audio.m4a
ffmpeg version 6.1.1-3ubuntu5 Copyright (c) 2000-2023 the FFmpeg developers
  built with gcc 13 (Ubuntu 13.2.0-23ubuntu3)
  configuration: --prefix=/usr --extra-version=3ubuntu5 --toolchain=hardened --libdir=/usr/lib/x86_64-linux-gnu --incdir=/usr/include/x86_64-linux-gnu --arch=amd64 --enable-gpl --disable-stripping --disable-omx --enable-gnutls --enable-libaom --enable-libass --enable-libbs2b --enable-libcaca --enable-libcdio --enable-libcodec2 --enable-libdav1d --enable-libflite --enable-libfontconfig --enable-libfreetype --enable-libfribidi --enable-libglslang --enable-libgme --enable-libgsm --enable-libharfbuzz --enable-libmp3lame --enable-libmysofa --enable-libopenjpeg --enable-libopenmpt --enable-libopus --enable-librubberband --enable-libshine --enable-libsnappy --enable-libsoxr --enable-libspeex --enable-libtheora --enable-libtwolame --enable-libvidstab --enable-libvorbis --enable-libvpx --enable-libwebp --enable-libx265 --enable-libxml2 --enable-libxvid --enable-libzimg --enable-openal --enable-opencl --enable-opengl --disable-sndio --enable-libvpl --disable-libmfx --enable-libdc1394 --enable-libdrm --enable-libiec61883 --enable-chromaprint --enable-frei0r --enable-ladspa --enable-libbluray --enable-libjack --enable-libpulse --enable-librabbitmq --enable-librist --enable-libsrt --enable-libssh --enable-libsvtav1 --enable-libx264 --enable-libzmq --enable-libzvbi --enable-lv2 --enable-sdl2 --enable-libplacebo --enable-librav1e --enable-pocketsphinx --enable-librsvg --enable-libjxl --enable-shared
  libavutil      58. 29.100 / 58. 29.100
  libavcodec     60. 31.102 / 60. 31.102
  libavformat    60. 16.100 / 60. 16.100
  libavdevice    60.  3.100 / 60.  3.100
  libavfilter     9. 12.100 /  9. 12.100
  libswscale      7.  5.100 /  7.  5.100
  libswresample   4. 12.100 /  4. 12.100
  libpostproc    57.  3.100 / 57.  3.100
Input #0, mov,mp4,m4a,3gp,3g2,mj2, from '/home/arthur/latwalk-lab/generations/render2_pulse.mp4':
  Metadata:
    major_brand     : isom
    minor_version   : 512
    compatible_brands: isomiso2mp41
    encoder         : Lavf60.16.100
  Duration: 00:00:30.00, start: 0.000000, bitrate: 3348 kb/s
  Stream #0:0[0x1](und): Video: mpeg4 (Simple Profile) (mp4v / 0x7634706D), yuv420p, 720x720 [SAR 1:1 DAR 1:1], 3296 kb/s, 30 fps, 30 tbr, 15360 tbn (default)
    Metadata:
      handler_name    : VideoHandler
      vendor_id       : [0][0][0][0]
  Stream #0:1[0x2](und): Audio: aac (LC) (mp4a / 0x6134706D), 44100 Hz, mono, fltp, 44 kb/s (default)
    Metadata:
      handler_name    : SoundHandler
      vendor_id       : [0][0][0][0]
Output #0, ipod, to '/home/arthur/latwalk-lab/.film_work/render2_pulse_film/audio.m4a':
  Metadata:
    major_brand     : isom
    minor_version   : 512
    compatible_brands: isomiso2mp41
    encoder         : Lavf60.16.100
  Stream #0:0(und): Audio: aac (LC) (mp4a / 0x6134706D), 44100 Hz, mono, fltp, 44 kb/s (default)
    Metadata:
      handler_name    : SoundHandler
      vendor_id       : [0][0][0][0]
Stream mapping:
  Stream #0:1 -> #0:0 (copy)
Press [q] to stop, [?] for help
size=       0kB time=00:00:00.00 bitrate=N/A speed=N/A    [out#0/ipod @ 0x5b5078976e40] video:0kB audio:33kB subtitle:0kB other streams:0kB global headers:0kB muxing overhead: 5.427067%
size=      35kB time=00:00:05.99 bitrate=  47.6kbits/s speed=3.13e+03x    
ffmpeg -y -ss 0.000000 -i /home/arthur/latwalk-lab/generations/render2_pulse.mp4 -t 6.000000 -an -vf fps=12,scale=512:512:flags=lanczos /home/arthur/latwalk-lab/.film_work/render2_pulse_film/input_frames/%08d.png
ffmpeg version 6.1.1-3ubuntu5 Copyright (c) 2000-2023 the FFmpeg developers
  built with gcc 13 (Ubuntu 13.2.0-23ubuntu3)
  configuration: --prefix=/usr --extra-version=3ubuntu5 --toolchain=hardened --libdir=/usr/lib/x86_64-linux-gnu --incdir=/usr/include/x86_64-linux-gnu --arch=amd64 --enable-gpl --disable-stripping --disable-omx --enable-gnutls --enable-libaom --enable-libass --enable-libbs2b --enable-libcaca --enable-libcdio --enable-libcodec2 --enable-libdav1d --enable-libflite --enable-libfontconfig --enable-libfreetype --enable-libfribidi --enable-libglslang --enable-libgme --enable-libgsm --enable-libharfbuzz --enable-libmp3lame --enable-libmysofa --enable-libopenjpeg --enable-libopenmpt --enable-libopus --enable-librubberband --enable-libshine --enable-libsnappy --enable-libsoxr --enable-libspeex --enable-libtheora --enable-libtwolame --enable-libvidstab --enable-libvorbis --enable-libvpx --enable-libwebp --enable-libx265 --enable-libxml2 --enable-libxvid --enable-libzimg --enable-openal --enable-opencl --enable-opengl --disable-sndio --enable-libvpl --disable-libmfx --enable-libdc1394 --enable-libdrm --enable-libiec61883 --enable-chromaprint --enable-frei0r --enable-ladspa --enable-libbluray --enable-libjack --enable-libpulse --enable-librabbitmq --enable-librist --enable-libsrt --enable-libssh --enable-libsvtav1 --enable-libx264 --enable-libzmq --enable-libzvbi --enable-lv2 --enable-sdl2 --enable-libplacebo --enable-librav1e --enable-pocketsphinx --enable-librsvg --enable-libjxl --enable-shared
  libavutil      58. 29.100 / 58. 29.100
  libavcodec     60. 31.102 / 60. 31.102
  libavformat    60. 16.100 / 60. 16.100
  libavdevice    60.  3.100 / 60.  3.100
  libavfilter     9. 12.100 /  9. 12.100
  libswscale      7.  5.100 /  7.  5.100
  libswresample   4. 12.100 /  4. 12.100
  libpostproc    57.  3.100 / 57.  3.100
Input #0, mov,mp4,m4a,3gp,3g2,mj2, from '/home/arthur/latwalk-lab/generations/render2_pulse.mp4':
  Metadata:
    major_brand     : isom
    minor_version   : 512
    compatible_brands: isomiso2mp41
    encoder         : Lavf60.16.100
  Duration: 00:00:30.00, start: 0.000000, bitrate: 3348 kb/s
  Stream #0:0[0x1](und): Video: mpeg4 (Simple Profile) (mp4v / 0x7634706D), yuv420p, 720x720 [SAR 1:1 DAR 1:1], 3296 kb/s, 30 fps, 30 tbr, 15360 tbn (default)
    Metadata:
      handler_name    : VideoHandler
      vendor_id       : [0][0][0][0]
  Stream #0:1[0x2](und): Audio: aac (LC) (mp4a / 0x6134706D), 44100 Hz, mono, fltp, 44 kb/s (default)
    Metadata:
      handler_name    : SoundHandler
      vendor_id       : [0][0][0][0]
Stream mapping:
  Stream #0:0 -> #0:0 (mpeg4 (native) -> png (native))
Press [q] to stop, [?] for help
Output #0, image2, to '/home/arthur/latwalk-lab/.film_work/render2_pulse_film/input_frames/%08d.png':
  Metadata:
    major_brand     : isom
    minor_version   : 512
    compatible_brands: isomiso2mp41
    encoder         : Lavf60.16.100
  Stream #0:0(und): Video: png, rgb24(pc, gbr/unknown/unknown, progressive), 512x512 [SAR 1:1 DAR 1:1], q=2-31, 200 kb/s, 12 fps, 12 tbn (default)
    Metadata:
      handler_name    : VideoHandler
      vendor_id       : [0][0][0][0]
      encoder         : Lavc60.31.102 png
frame=    0 fps=0.0 q=0.0 size=       0kB time=N/A bitrate=N/A speed=N/A    [out#0/image2 @ 0x5ee922262e40] video:25391kB audio:0kB subtitle:0kB other streams:0kB global headers:0kB muxing overhead: unknown
frame=   72 fps=0.0 q=-0.0 Lsize=N/A time=00:00:05.91 bitrate=N/A speed=26.8x    
2026-07-08 18:55:50.203875: E external/local_xla/xla/stream_executor/cuda/cuda_fft.cc:479] Unable to register cuFFT factory: Attempting to register factory for plugin cuFFT when one has already been registered
2026-07-08 18:55:50.220229: E external/local_xla/xla/stream_executor/cuda/cuda_dnn.cc:10575] Unable to register cuDNN factory: Attempting to register factory for plugin cuDNN when one has already been registered
2026-07-08 18:55:50.220260: E external/local_xla/xla/stream_executor/cuda/cuda_blas.cc:1442] Unable to register cuBLAS factory: Attempting to register factory for plugin cuBLAS when one has already been registered
2026-07-08 18:55:50.231193: I tensorflow/core/platform/cpu_feature_guard.cc:210] This TensorFlow binary is optimized to use available CPU instructions in performance-critical operations.
To enable the following instructions: AVX2 FMA, in other operations, rebuild TensorFlow with the appropriate compiler flags.
2026-07-08 18:55:50.965437: W tensorflow/compiler/tf2tensorrt/utils/py_utils.cc:38] TF-TRT Warning: Could not find TensorRT
/home/arthur/latwalk-lab/venv/lib/python3.12/site-packages/tensorflow/python/keras/engine/training_arrays_v1.py:37: UserWarning: A NumPy version >=2.0.0 and <2.8.0 is required for this version of SciPy (detected version 1.26.4)
  from scipy.sparse import issparse  # pylint: disable=g-import-not-at-top
/home/arthur/latwalk-lab/venv/lib/python3.12/site-packages/scipy/sparse/_sputils.py:17: FutureWarning: In the future `np.long` will be defined as the corresponding NumPy scalar.
  np.uintc, np.long, np.ulong, np.longlong, np.ulonglong,
Traceback (most recent call last):
  File "/home/arthur/latwalk-lab/latwalk/film_interpolate.py", line 326, in <module>
    sys.exit(main())
             ^^^^^^
  File "/home/arthur/latwalk-lab/latwalk/film_interpolate.py", line 264, in main
    interpolator = FilmInterpolator(
                   ^^^^^^^^^^^^^^^^^
  File "/home/arthur/latwalk-lab/latwalk/film_interpolate.py", line 168, in __init__
    import tensorflow as tf
  File "/home/arthur/latwalk-lab/venv/lib/python3.12/site-packages/tensorflow/__init__.py", line 45, in <module>
    from tensorflow._api.v2 import __internal__
  File "/home/arthur/latwalk-lab/venv/lib/python3.12/site-packages/tensorflow/_api/v2/__internal__/__init__.py", line 13, in <module>
    from tensorflow._api.v2.__internal__ import feature_column
  File "/home/arthur/latwalk-lab/venv/lib/python3.12/site-packages/tensorflow/_api/v2/__internal__/feature_column/__init__.py", line 8, in <module>
    from tensorflow.python.feature_column.feature_column_v2 import DenseColumn # line: 1777
    ^^^^^^^^^^^^^^^^^^^^^^^^^^^^^^^^^^^^^^^^^^^^^^^^^^^^^^^^^^^^^^^^^^^^^^^^^^
  File "/home/arthur/latwalk-lab/venv/lib/python3.12/site-packages/tensorflow/python/feature_column/feature_column_v2.py", line 38, in <module>
    from tensorflow.python.feature_column import feature_column as fc_old
  File "/home/arthur/latwalk-lab/venv/lib/python3.12/site-packages/tensorflow/python/feature_column/feature_column.py", line 41, in <module>
    from tensorflow.python.layers import base
  File "/home/arthur/latwalk-lab/venv/lib/python3.12/site-packages/tensorflow/python/layers/base.py", line 16, in <module>
    from tensorflow.python.keras.legacy_tf_layers import base
  File "/home/arthur/latwalk-lab/venv/lib/python3.12/site-packages/tensorflow/python/keras/__init__.py", line 25, in <module>
    from tensorflow.python.keras import models
  File "/home/arthur/latwalk-lab/venv/lib/python3.12/site-packages/tensorflow/python/keras/models.py", line 25, in <module>
    from tensorflow.python.keras.engine import training_v1
  File "/home/arthur/latwalk-lab/venv/lib/python3.12/site-packages/tensorflow/python/keras/engine/training_v1.py", line 46, in <module>
    from tensorflow.python.keras.engine import training_arrays_v1
  File "/home/arthur/latwalk-lab/venv/lib/python3.12/site-packages/tensorflow/python/keras/engine/training_arrays_v1.py", line 37, in <module>
    from scipy.sparse import issparse  # pylint: disable=g-import-not-at-top
    ^^^^^^^^^^^^^^^^^^^^^^^^^^^^^^^^^
  File "/home/arthur/latwalk-lab/venv/lib/python3.12/site-packages/scipy/sparse/__init__.py", line 250, in <module>
    from ._base import *
  File "/home/arthur/latwalk-lab/venv/lib/python3.12/site-packages/scipy/sparse/_base.py", line 8, in <module>
    from ._sputils import (asmatrix, check_shape,
  File "/home/arthur/latwalk-lab/venv/lib/python3.12/site-packages/scipy/sparse/_sputils.py", line 17, in <module>
    np.uintc, np.long, np.ulong, np.longlong, np.ulonglong,
              ^^^^^^^
  File "/home/arthur/latwalk-lab/venv/lib/python3.12/site-packages/numpy/__init__.py", line 333, in __getattr__
    raise AttributeError("module {!r} has no attribute "
AttributeError: module 'numpy' has no attribute 'long'. Did you mean: 'log'?
Command exited with non-zero status 1
	Command being timed: "python /home/arthur/latwalk-lab/latwalk/film_interpolate.py --input /home/arthur/latwalk-lab/generations/render2_pulse.mp4 --output /home/arthur/latwalk-lab/generations/render2_pulse_film.mp4 --source-fps 12 --factor 2 --width 512 --height 512 --overwrite --keep-work-dir --work-dir /home/arthur/latwalk-lab/.film_work/render2_pulse_film"
	User time (seconds): 3.16
	System time (seconds): 0.93
	Percent of CPU this job got: 211%
	Elapsed (wall clock) time (h:mm:ss or m:ss): 0:01.94
	Average shared text size (kbytes): 0
	Average unshared data size (kbytes): 0
	Average stack size (kbytes): 0
	Average total size (kbytes): 0
	Maximum resident set size (kbytes): 401516
	Average resident set size (kbytes): 0
	Major (requiring I/O) page faults: 0
	Minor (reclaiming a frame) page faults: 82019
	Voluntary context switches: 3517
	Involuntary context switches: 1480
	Swaps: 0
	File system inputs: 0
	File system outputs: 51136
	Socket messages sent: 0
	Socket messages received: 0
	Signals delivered: 0
	Page size (bytes): 4096
	Exit status: 1
=== fallback-cpu-5s at 2026-07-08T18:55:51+10:00 ===
ffmpeg -y -ss 0.000000 -i /home/arthur/latwalk-lab/generations/render2_pulse.mp4 -t 5.000000 -map 0:a:0? -vn -c:a copy /home/arthur/latwalk-lab/.film_work/render2_pulse_film_cpu_5s/audio.m4a
ffmpeg version 6.1.1-3ubuntu5 Copyright (c) 2000-2023 the FFmpeg developers
  built with gcc 13 (Ubuntu 13.2.0-23ubuntu3)
  configuration: --prefix=/usr --extra-version=3ubuntu5 --toolchain=hardened --libdir=/usr/lib/x86_64-linux-gnu --incdir=/usr/include/x86_64-linux-gnu --arch=amd64 --enable-gpl --disable-stripping --disable-omx --enable-gnutls --enable-libaom --enable-libass --enable-libbs2b --enable-libcaca --enable-libcdio --enable-libcodec2 --enable-libdav1d --enable-libflite --enable-libfontconfig --enable-libfreetype --enable-libfribidi --enable-libglslang --enable-libgme --enable-libgsm --enable-libharfbuzz --enable-libmp3lame --enable-libmysofa --enable-libopenjpeg --enable-libopenmpt --enable-libopus --enable-librubberband --enable-libshine --enable-libsnappy --enable-libsoxr --enable-libspeex --enable-libtheora --enable-libtwolame --enable-libvidstab --enable-libvorbis --enable-libvpx --enable-libwebp --enable-libx265 --enable-libxml2 --enable-libxvid --enable-libzimg --enable-openal --enable-opencl --enable-opengl --disable-sndio --enable-libvpl --disable-libmfx --enable-libdc1394 --enable-libdrm --enable-libiec61883 --enable-chromaprint --enable-frei0r --enable-ladspa --enable-libbluray --enable-libjack --enable-libpulse --enable-librabbitmq --enable-librist --enable-libsrt --enable-libssh --enable-libsvtav1 --enable-libx264 --enable-libzmq --enable-libzvbi --enable-lv2 --enable-sdl2 --enable-libplacebo --enable-librav1e --enable-pocketsphinx --enable-librsvg --enable-libjxl --enable-shared
  libavutil      58. 29.100 / 58. 29.100
  libavcodec     60. 31.102 / 60. 31.102
  libavformat    60. 16.100 / 60. 16.100
  libavdevice    60.  3.100 / 60.  3.100
  libavfilter     9. 12.100 /  9. 12.100
  libswscale      7.  5.100 /  7.  5.100
  libswresample   4. 12.100 /  4. 12.100
  libpostproc    57.  3.100 / 57.  3.100
Input #0, mov,mp4,m4a,3gp,3g2,mj2, from '/home/arthur/latwalk-lab/generations/render2_pulse.mp4':
  Metadata:
    major_brand     : isom
    minor_version   : 512
    compatible_brands: isomiso2mp41
    encoder         : Lavf60.16.100
  Duration: 00:00:30.00, start: 0.000000, bitrate: 3348 kb/s
  Stream #0:0[0x1](und): Video: mpeg4 (Simple Profile) (mp4v / 0x7634706D), yuv420p, 720x720 [SAR 1:1 DAR 1:1], 3296 kb/s, 30 fps, 30 tbr, 15360 tbn (default)
    Metadata:
      handler_name    : VideoHandler
      vendor_id       : [0][0][0][0]
  Stream #0:1[0x2](und): Audio: aac (LC) (mp4a / 0x6134706D), 44100 Hz, mono, fltp, 44 kb/s (default)
    Metadata:
      handler_name    : SoundHandler
      vendor_id       : [0][0][0][0]
Output #0, ipod, to '/home/arthur/latwalk-lab/.film_work/render2_pulse_film_cpu_5s/audio.m4a':
  Metadata:
    major_brand     : isom
    minor_version   : 512
    compatible_brands: isomiso2mp41
    encoder         : Lavf60.16.100
  Stream #0:0(und): Audio: aac (LC) (mp4a / 0x6134706D), 44100 Hz, mono, fltp, 44 kb/s (default)
    Metadata:
      handler_name    : SoundHandler
      vendor_id       : [0][0][0][0]
Stream mapping:
  Stream #0:1 -> #0:0 (copy)
Press [q] to stop, [?] for help
size=       0kB time=00:00:00.00 bitrate=N/A speed=N/A    [out#0/ipod @ 0x59813d137e40] video:0kB audio:28kB subtitle:0kB other streams:0kB global headers:0kB muxing overhead: 5.890896%
size=      29kB time=00:00:04.99 bitrate=  47.9kbits/s speed=3.15e+03x    
ffmpeg -y -ss 0.000000 -i /home/arthur/latwalk-lab/generations/render2_pulse.mp4 -t 5.000000 -an -vf fps=12,scale=512:512:flags=lanczos /home/arthur/latwalk-lab/.film_work/render2_pulse_film_cpu_5s/input_frames/%08d.png
ffmpeg version 6.1.1-3ubuntu5 Copyright (c) 2000-2023 the FFmpeg developers
  built with gcc 13 (Ubuntu 13.2.0-23ubuntu3)
  configuration: --prefix=/usr --extra-version=3ubuntu5 --toolchain=hardened --libdir=/usr/lib/x86_64-linux-gnu --incdir=/usr/include/x86_64-linux-gnu --arch=amd64 --enable-gpl --disable-stripping --disable-omx --enable-gnutls --enable-libaom --enable-libass --enable-libbs2b --enable-libcaca --enable-libcdio --enable-libcodec2 --enable-libdav1d --enable-libflite --enable-libfontconfig --enable-libfreetype --enable-libfribidi --enable-libglslang --enable-libgme --enable-libgsm --enable-libharfbuzz --enable-libmp3lame --enable-libmysofa --enable-libopenjpeg --enable-libopenmpt --enable-libopus --enable-librubberband --enable-libshine --enable-libsnappy --enable-libsoxr --enable-libspeex --enable-libtheora --enable-libtwolame --enable-libvidstab --enable-libvorbis --enable-libvpx --enable-libwebp --enable-libx265 --enable-libxml2 --enable-libxvid --enable-libzimg --enable-openal --enable-opencl --enable-opengl --disable-sndio --enable-libvpl --disable-libmfx --enable-libdc1394 --enable-libdrm --enable-libiec61883 --enable-chromaprint --enable-frei0r --enable-ladspa --enable-libbluray --enable-libjack --enable-libpulse --enable-librabbitmq --enable-librist --enable-libsrt --enable-libssh --enable-libsvtav1 --enable-libx264 --enable-libzmq --enable-libzvbi --enable-lv2 --enable-sdl2 --enable-libplacebo --enable-librav1e --enable-pocketsphinx --enable-librsvg --enable-libjxl --enable-shared
  libavutil      58. 29.100 / 58. 29.100
  libavcodec     60. 31.102 / 60. 31.102
  libavformat    60. 16.100 / 60. 16.100
  libavdevice    60.  3.100 / 60.  3.100
  libavfilter     9. 12.100 /  9. 12.100
  libswscale      7.  5.100 /  7.  5.100
  libswresample   4. 12.100 /  4. 12.100
  libpostproc    57.  3.100 / 57.  3.100
Input #0, mov,mp4,m4a,3gp,3g2,mj2, from '/home/arthur/latwalk-lab/generations/render2_pulse.mp4':
  Metadata:
    major_brand     : isom
    minor_version   : 512
    compatible_brands: isomiso2mp41
    encoder         : Lavf60.16.100
  Duration: 00:00:30.00, start: 0.000000, bitrate: 3348 kb/s
  Stream #0:0[0x1](und): Video: mpeg4 (Simple Profile) (mp4v / 0x7634706D), yuv420p, 720x720 [SAR 1:1 DAR 1:1], 3296 kb/s, 30 fps, 30 tbr, 15360 tbn (default)
    Metadata:
      handler_name    : VideoHandler
      vendor_id       : [0][0][0][0]
  Stream #0:1[0x2](und): Audio: aac (LC) (mp4a / 0x6134706D), 44100 Hz, mono, fltp, 44 kb/s (default)
    Metadata:
      handler_name    : SoundHandler
      vendor_id       : [0][0][0][0]
Stream mapping:
  Stream #0:0 -> #0:0 (mpeg4 (native) -> png (native))
Press [q] to stop, [?] for help
Output #0, image2, to '/home/arthur/latwalk-lab/.film_work/render2_pulse_film_cpu_5s/input_frames/%08d.png':
  Metadata:
    major_brand     : isom
    minor_version   : 512
    compatible_brands: isomiso2mp41
    encoder         : Lavf60.16.100
  Stream #0:0(und): Video: png, rgb24(pc, gbr/unknown/unknown, progressive), 512x512 [SAR 1:1 DAR 1:1], q=2-31, 200 kb/s, 12 fps, 12 tbn (default)
    Metadata:
      handler_name    : VideoHandler
      vendor_id       : [0][0][0][0]
      encoder         : Lavc60.31.102 png
frame=    0 fps=0.0 q=0.0 size=       0kB time=N/A bitrate=N/A speed=N/A    [out#0/image2 @ 0x6331612dae40] video:21285kB audio:0kB subtitle:0kB other streams:0kB global headers:0kB muxing overhead: unknown
frame=   60 fps=0.0 q=-0.0 Lsize=N/A time=00:00:04.91 bitrate=N/A speed=28.9x    
2026-07-08 18:55:52.021202: E external/local_xla/xla/stream_executor/cuda/cuda_fft.cc:479] Unable to register cuFFT factory: Attempting to register factory for plugin cuFFT when one has already been registered
2026-07-08 18:55:52.037415: E external/local_xla/xla/stream_executor/cuda/cuda_dnn.cc:10575] Unable to register cuDNN factory: Attempting to register factory for plugin cuDNN when one has already been registered
2026-07-08 18:55:52.037443: E external/local_xla/xla/stream_executor/cuda/cuda_blas.cc:1442] Unable to register cuBLAS factory: Attempting to register factory for plugin cuBLAS when one has already been registered
2026-07-08 18:55:52.048278: I tensorflow/core/platform/cpu_feature_guard.cc:210] This TensorFlow binary is optimized to use available CPU instructions in performance-critical operations.
To enable the following instructions: AVX2 FMA, in other operations, rebuild TensorFlow with the appropriate compiler flags.
2026-07-08 18:55:52.752273: W tensorflow/compiler/tf2tensorrt/utils/py_utils.cc:38] TF-TRT Warning: Could not find TensorRT
/home/arthur/latwalk-lab/venv/lib/python3.12/site-packages/tensorflow/python/keras/engine/training_arrays_v1.py:37: UserWarning: A NumPy version >=2.0.0 and <2.8.0 is required for this version of SciPy (detected version 1.26.4)
  from scipy.sparse import issparse  # pylint: disable=g-import-not-at-top
/home/arthur/latwalk-lab/venv/lib/python3.12/site-packages/scipy/sparse/_sputils.py:17: FutureWarning: In the future `np.long` will be defined as the corresponding NumPy scalar.
  np.uintc, np.long, np.ulong, np.longlong, np.ulonglong,
Traceback (most recent call last):
  File "/home/arthur/latwalk-lab/latwalk/film_interpolate.py", line 326, in <module>
    sys.exit(main())
             ^^^^^^
  File "/home/arthur/latwalk-lab/latwalk/film_interpolate.py", line 264, in main
    interpolator = FilmInterpolator(
                   ^^^^^^^^^^^^^^^^^
  File "/home/arthur/latwalk-lab/latwalk/film_interpolate.py", line 168, in __init__
    import tensorflow as tf
  File "/home/arthur/latwalk-lab/venv/lib/python3.12/site-packages/tensorflow/__init__.py", line 45, in <module>
    from tensorflow._api.v2 import __internal__
  File "/home/arthur/latwalk-lab/venv/lib/python3.12/site-packages/tensorflow/_api/v2/__internal__/__init__.py", line 13, in <module>
    from tensorflow._api.v2.__internal__ import feature_column
  File "/home/arthur/latwalk-lab/venv/lib/python3.12/site-packages/tensorflow/_api/v2/__internal__/feature_column/__init__.py", line 8, in <module>
    from tensorflow.python.feature_column.feature_column_v2 import DenseColumn # line: 1777
    ^^^^^^^^^^^^^^^^^^^^^^^^^^^^^^^^^^^^^^^^^^^^^^^^^^^^^^^^^^^^^^^^^^^^^^^^^^
  File "/home/arthur/latwalk-lab/venv/lib/python3.12/site-packages/tensorflow/python/feature_column/feature_column_v2.py", line 38, in <module>
    from tensorflow.python.feature_column import feature_column as fc_old
  File "/home/arthur/latwalk-lab/venv/lib/python3.12/site-packages/tensorflow/python/feature_column/feature_column.py", line 41, in <module>
    from tensorflow.python.layers import base
  File "/home/arthur/latwalk-lab/venv/lib/python3.12/site-packages/tensorflow/python/layers/base.py", line 16, in <module>
    from tensorflow.python.keras.legacy_tf_layers import base
  File "/home/arthur/latwalk-lab/venv/lib/python3.12/site-packages/tensorflow/python/keras/__init__.py", line 25, in <module>
    from tensorflow.python.keras import models
  File "/home/arthur/latwalk-lab/venv/lib/python3.12/site-packages/tensorflow/python/keras/models.py", line 25, in <module>
    from tensorflow.python.keras.engine import training_v1
  File "/home/arthur/latwalk-lab/venv/lib/python3.12/site-packages/tensorflow/python/keras/engine/training_v1.py", line 46, in <module>
    from tensorflow.python.keras.engine import training_arrays_v1
  File "/home/arthur/latwalk-lab/venv/lib/python3.12/site-packages/tensorflow/python/keras/engine/training_arrays_v1.py", line 37, in <module>
    from scipy.sparse import issparse  # pylint: disable=g-import-not-at-top
    ^^^^^^^^^^^^^^^^^^^^^^^^^^^^^^^^^
  File "/home/arthur/latwalk-lab/venv/lib/python3.12/site-packages/scipy/sparse/__init__.py", line 250, in <module>
    from ._base import *
  File "/home/arthur/latwalk-lab/venv/lib/python3.12/site-packages/scipy/sparse/_base.py", line 8, in <module>
    from ._sputils import (asmatrix, check_shape,
  File "/home/arthur/latwalk-lab/venv/lib/python3.12/site-packages/scipy/sparse/_sputils.py", line 17, in <module>
    np.uintc, np.long, np.ulong, np.longlong, np.ulonglong,
              ^^^^^^^
  File "/home/arthur/latwalk-lab/venv/lib/python3.12/site-packages/numpy/__init__.py", line 333, in __getattr__
    raise AttributeError("module {!r} has no attribute "
AttributeError: module 'numpy' has no attribute 'long'. Did you mean: 'log'?
Command exited with non-zero status 1
	Command being timed: "python /home/arthur/latwalk-lab/latwalk/film_interpolate.py --input /home/arthur/latwalk-lab/generations/render2_pulse.mp4 --output /home/arthur/latwalk-lab/generations/render2_pulse_film_cpu_5s.mp4 --start 0 --duration 5 --source-fps 12 --factor 2 --width 512 --height 512 --tf-device cpu --overwrite --keep-work-dir --work-dir /home/arthur/latwalk-lab/.film_work/render2_pulse_film_cpu_5s"
	User time (seconds): 2.86
	System time (seconds): 0.91
	Percent of CPU this job got: 205%
	Elapsed (wall clock) time (h:mm:ss or m:ss): 0:01.83
	Average shared text size (kbytes): 0
	Average unshared data size (kbytes): 0
	Average stack size (kbytes): 0
	Average total size (kbytes): 0
	Maximum resident set size (kbytes): 401868
	Average resident set size (kbytes): 0
	Major (requiring I/O) page faults: 0
	Minor (reclaiming a frame) page faults: 82104
	Voluntary context switches: 2915
	Involuntary context switches: 1438
	Swaps: 0
	File system inputs: 0
	File system outputs: 42872
	Socket messages sent: 0
	Socket messages received: 0
	Signals delivered: 0
	Page size (bytes): 4096
	Exit status: 1
CPU 5s fallback wall time: 2s
=== done at 2026-07-08T18:55:53+10:00 ===
