Resolved 108 packages in 1m 38s
Downloading llvmlite (57.1MiB)
Downloading soundfile (1.3MiB)
Downloading numpy (17.4MiB)
Downloading pydantic-core (2.0MiB)
Downloading scikit-learn (9.2MiB)
Downloading numba (3.6MiB)
Downloading pillow (4.3MiB)
Downloading triton (160.1MiB)
Downloading nvidia-cudnn-cu12 (697.8MiB)
Downloading nvidia-cufft-cu12 (116.0MiB)
Downloading imageio-ffmpeg (25.7MiB)
Downloading networkx (1.6MiB)
Downloading nvidia-cusolver-cu12 (118.4MiB)
Downloading transformers (9.0MiB)
Downloading nvidia-cuda-nvrtc-cu12 (22.6MiB)
Downloading tokenizers (3.4MiB)
Downloading diffusers (2.1MiB)
Downloading nvidia-curand-cu12 (53.9MiB)
Downloading nvidia-nccl-cu12 (158.3MiB)
Downloading nvidia-cusparse-cu12 (186.9MiB)
Downloading nvidia-cublas-cu12 (391.6MiB)
Downloading nvidia-cuda-cupti-cu12 (13.5MiB)
Downloading torchaudio (3.2MiB)
Downloading torch (720.5MiB)
Downloading torchvision (6.6MiB)
Downloading gradio (19.4MiB)
 Downloaded soundfile
 Downloaded networkx
 Downloaded pydantic-core
 Downloaded diffusers
Downloading tokenizers (3.4MiB)
Downloading torchvision (6.6MiB)
Downloading nvidia-cuda-nvrtc-cu12 (22.6MiB)
Downloading nvidia-cufft-cu12 (116.0MiB)
Downloading nvidia-cublas-cu12 (391.6MiB)
Downloading pillow (4.3MiB)
Downloading nvidia-cudnn-cu12 (697.8MiB)
Downloading scikit-learn (9.2MiB)
Downloading triton (160.1MiB)
Downloading nvidia-cusolver-cu12 (118.4MiB)
Downloading gradio (19.4MiB)
Downloading numba (3.6MiB)
Downloading torch (720.5MiB)
Downloading nvidia-nccl-cu12 (158.3MiB)
Downloading nvidia-cuda-cupti-cu12 (13.5MiB)
Downloading llvmlite (57.1MiB)
Downloading nvidia-cusparse-cu12 (186.9MiB)
Downloading numpy (17.4MiB)
Downloading torchaudio (3.2MiB)
 Downloaded transformers
 Downloaded imageio-ffmpeg
 Downloaded torchaudio
 Downloaded tokenizers
 Downloaded numba
 Downloaded pillow
 Downloaded nvidia-curand-cu12
 Downloaded torchvision
 Downloaded scikit-learn
