Resolved 108 packages in 1.87s
Downloading nvidia-cusparse-cu12 (186.9MiB)
Downloading nvidia-nvjitlink-cu12 (37.9MiB)
Downloading nvidia-curand-cu12 (53.9MiB)
Downloading llvmlite (57.1MiB)
Downloading torch (720.5MiB)
Downloading fonttools (4.7MiB)
Downloading nvidia-cusolver-cu12 (118.4MiB)
Downloading nvidia-cublas-cu12 (391.6MiB)
Downloading transformers (9.0MiB)
Downloading torchaudio (3.2MiB)
Downloading pydantic-core (2.0MiB)
Downloading tokenizers (3.4MiB)
Downloading numba (3.6MiB)
Downloading sympy (6.0MiB)
Downloading torchvision (6.6MiB)
Downloading networkx (1.6MiB)
Downloading pandas (12.2MiB)
Downloading gradio (19.4MiB)
Downloading nvidia-cufft-cu12 (116.0MiB)
Downloading numpy (17.4MiB)
Downloading triton (160.1MiB)
Downloading scikit-learn (9.2MiB)
Downloading nvidia-cudnn-cu12 (697.8MiB)
Downloading kiwisolver (1.6MiB)
Downloading pillow (4.3MiB)
Downloading imageio-ffmpeg (25.7MiB)
Downloading nvidia-cuda-nvrtc-cu12 (22.6MiB)
Downloading diffusers (2.1MiB)
Downloading nvidia-cuda-cupti-cu12 (13.5MiB)
Downloading soundfile (1.3MiB)
Downloading matplotlib (8.4MiB)
Downloading scipy (35.9MiB)
Downloading nvidia-nccl-cu12 (158.3MiB)
 Downloaded soundfile
 Downloaded kiwisolver
 Downloaded networkx
 Downloaded pydantic-core
 Downloaded diffusers
 Downloaded torchaudio
 Downloaded tokenizers
 Downloaded numba
 Downloaded pillow
 Downloaded fonttools
 Downloaded sympy
 Downloaded torchvision
 Downloaded matplotlib
 Downloaded transformers
 Downloaded scikit-learn
 Downloaded pandas
 Downloaded nvidia-cuda-cupti-cu12
 Downloaded numpy
 Downloaded gradio
 Downloaded nvidia-cuda-nvrtc-cu12
 Downloaded imageio-ffmpeg
 Downloaded scipy
 Downloaded nvidia-nvjitlink-cu12
 Downloaded nvidia-curand-cu12
 Downloaded llvmlite
 Downloaded nvidia-cufft-cu12
 Downloaded nvidia-cusolver-cu12
 Downloaded nvidia-nccl-cu12
 Downloaded triton
 Downloaded nvidia-cusparse-cu12
 Downloaded nvidia-cublas-cu12
 Downloaded nvidia-cudnn-cu12
 Downloaded torch
Prepared 93 packages in 7m 52s
Uninstalled 2 packages in 7ms
Installed 94 packages in 182ms
 + aiofiles==23.2.1
 + altair==5.5.0
 + annotated-doc==0.0.4
 + annotated-types==0.7.0
 + antlr4-python3-runtime==4.9.3
 + attrs==26.1.0
 + audioread==3.1.0
 + cffi==2.1.0
 + charset-normalizer==3.4.9
 + contourpy==1.3.2
 + cycler==0.12.1
 + decorator==5.3.1
 + diffusers==0.29.0
 + einops==0.7.0
 + fastapi==0.139.0
 + ffmpy==1.0.0
 + fonttools==4.63.0
 + gradio==3.50.0
 + gradio-client==0.6.1
 - huggingface-hub==1.23.0
 + huggingface-hub==0.36.2
 + imageio==2.31.1
 + imageio-ffmpeg==0.5.1
 + importlib-metadata==9.0.0
 + importlib-resources==6.5.2
 + jinja2==3.1.6
 + joblib==1.5.3
 + jsonschema==4.26.0
 + jsonschema-specifications==2025.9.1
 + kiwisolver==1.5.0
 + lazy-loader==0.5
 + librosa==0.10.2.post1
 + llvmlite==0.48.0
 + markupsafe==2.1.5
 + matplotlib==3.10.9
 + mpmath==1.3.0
 + msgpack==1.2.1
 + narwhals==2.24.0
 + networkx==3.4.2
 + numba==0.66.0
 + numpy==1.26.4
 + nvidia-cublas-cu12==12.1.3.1
 + nvidia-cuda-cupti-cu12==12.1.105
 + nvidia-cuda-nvrtc-cu12==12.1.105
 + nvidia-cuda-runtime-cu12==12.1.105
 + nvidia-cudnn-cu12==8.9.2.26
 + nvidia-cufft-cu12==11.0.2.54
 + nvidia-curand-cu12==10.3.2.106
 + nvidia-cusolver-cu12==11.4.5.107
 + nvidia-cusparse-cu12==12.1.0.106
 + nvidia-nccl-cu12==2.19.3
 + nvidia-nvjitlink-cu12==12.9.86
 + nvidia-nvtx-cu12==12.1.105
 + omegaconf==2.3.0
 + orjson==3.11.9
 + pandas==2.3.3
 + pillow==10.4.0
 + platformdirs==4.10.0
 + pooch==1.9.0
 + pycparser==3.0
 + pydantic==2.13.4
 + pydantic-core==2.46.4
 + pydub==0.25.1
 + pyparsing==3.3.2
 + python-dateutil==2.9.0.post0
 + python-multipart==0.0.32
 + pytz==2026.2
 + referencing==0.37.0
 + regex==2026.7.10
 + requests==2.34.2
 + rpds-py==0.30.0
 + safetensors==0.8.0
 + scikit-learn==1.7.2
 + scipy==1.15.3
 + semantic-version==2.10.0
 + setuptools==83.0.0
 + six==1.17.0
 + soundfile==0.14.0
 + soxr==1.1.0
 + starlette==1.3.1
 + sympy==1.14.0
 + threadpoolctl==3.6.0
 + tokenizers==0.19.1
 + torch==2.2.1
 + torchaudio==2.2.1
 + torchvision==0.17.1
 - tqdm==4.68.4
 + tqdm==4.65.2
 + transformers==4.43.2
 + triton==2.2.0
 + typing-inspection==0.4.2
 + tzdata==2026.3
 + urllib3==2.7.0
 + uvicorn==0.51.0
 + websockets==11.0.3
 + zipp==4.1.0
